// Jest Snapshot v1, https://goo.gl/fbAQLP

exports[`Form should equal to snapshot 1`] = `
<form
  className="form-horizontal"
  onBlur={[Function]}
>
  <div
    className="row"
  >
    <div
      className="col"
    >
      <h2
        className="orange text-center"
      >
        График погашения кредита
      </h2>
    </div>
  </div>
  <div
    className="row mt-2 text-left"
  >
    <div
      className="col-lg-3 pt-2"
    >
      <label
        htmlFor="amount"
      >
        Сумма кредита, ₽
      </label>
    </div>
    <div
      className="col-lg-3"
    >
      <input
        className="form-control"
        name="amount"
        onChange={[Function]}
      />
    </div>
    <div
      className="col-lg-3 pt-2"
    >
      <label
        htmlFor="paymentAmount"
      >
        Сумма платежа, ₽
      </label>
    </div>
    <div
      className="col-lg-3"
    >
      <input
        className="form-control"
        name="paymentAmount"
        onChange={[Function]}
        placeholder="Сумма платежа, ₽"
      />
    </div>
  </div>
  <div
    className="row mt-2 text-left"
  >
    <div
      className="col-lg-3 pt-2"
    >
      <label
        htmlFor="term"
      >
        Срок, месяцев
      </label>
    </div>
    <div
      className="col-lg-3"
    >
      <input
        className="form-control"
        name="term"
        onChange={[Function]}
        type="number"
      />
    </div>
    <div
      className="col-lg-3 pt-2"
    >
      <label
        htmlFor="issueDate"
      >
        Дата выдача
      </label>
    </div>
    <div
      className="col-lg-3"
    >
      <input
        className="form-control"
        name="issueDate"
        onChange={[Function]}
        placeholder="dd.mm.yyyy"
      />
    </div>
  </div>
  <div
    className="row mt-2 text-left border-bottom border-2 border-dark pb-2"
  >
    <div
      className="col-lg-3 pt-2"
    >
      <label
        htmlFor="rate"
      >
        Ставка, %
      </label>
    </div>
    <div
      className="col-lg-3"
    >
      <input
        className="form-control"
        name="rate"
        onChange={[Function]}
        step="0.01"
        type="number"
      />
    </div>
    <div
      className="col-lg-3 pt-2"
    >
      <label
        htmlFor="paymentOnDay"
      >
        День платежа
      </label>
    </div>
    <div
      className="col-lg-3"
    >
      <input
        className="form-control"
        max="28"
        min="0"
        name="paymentOnDay"
        onChange={[Function]}
      />
    </div>
  </div>
</form>
`;
