// Jest Snapshot v1, https://goo.gl/fbAQLP

exports[`Schedule should equal to snapshot 1`] = `
<div
  className="row"
>
  <div
    className="col-sm-12 text-center"
  >
    <table
      className="table table-hover table-bordered w-100 border-dark"
    >
      <thead
        className="table-secondary"
      >
        <tr
          className="desktop"
        >
          <th
            rowSpan={2}
          >
            Дата
          </th>
          <th
            rowSpan={2}
          >
            Платеж, ₽
          </th>
          <th
            rowSpan={2}
          >
            Мин. платеж, ₽
          </th>
          <th
            colSpan={2}
          >
            включая
          </th>
          <th
            rowSpan={2}
          >
            Остаток, ₽
          </th>
        </tr>
        <tr
          className="desktop"
        >
          <th>
            Тело долга, $
          </th>
          <th>
            Проценты, $
          </th>
        </tr>
        <tr
          className="mobile"
        >
          <th>
            Дата
          </th>
          <th>
            Платеж, $
          </th>
          <th>
            Проценты, $
          </th>
          <th>
            Остаток, $
          </th>
        </tr>
      </thead>
      <tbody>
        <tr
          className="orange"
          onClick={[Function]}
          style={
            {
              "cursor": "pointer",
            }
          }
        >
          <td />
          <td />
          <td
            className="desktop-cell"
          />
          <td
            className="desktop-cell"
          >
            1.00
          </td>
          <td>
            0.00
          </td>
          <td />
        </tr>
      </tbody>
      <tfoot>
        <tr>
          <td>
             
          </td>
          <td />
          <td
            className="desktop-cell"
          >
             
          </td>
          <td
            className="desktop-cell"
          />
          <td />
          <td>
             
          </td>
        </tr>
      </tfoot>
    </table>
  </div>
</div>
`;
